[INFO ] 2026-02-03 18:43:18,136 [main]  com.oltpbenchmark.DBWorkload main - ======================================================================

Benchmark:              TPCC {com.oltpbenchmark.benchmarks.tpcc.TPCCBenchmark}
Configuration:          config/postgres/sample_tpcc_config.xml
Type:                   POSTGRES
Driver:                 org.postgresql.Driver
URL:                    jdbc:postgresql://localhost:5432/tpcc_10?sslmode=disable&ApplicationName=tpcc&reWriteBatchedInserts=true
Isolation:              TRANSACTION_SERIALIZABLE
Batch Size:             128
Scale Factor:           10.0
Terminals:              8
New Connection Per Txn: false

[INFO ] 2026-02-03 18:43:18,138 [main]  com.oltpbenchmark.DBWorkload main - ======================================================================
[INFO ] 2026-02-03 18:43:18,495 [main]  com.oltpbenchmark.DBWorkload runWorkload - Creating 8 virtual terminals...
[INFO ] 2026-02-03 18:43:18,584 [main]  com.oltpbenchmark.DBWorkload runWorkload - Launching the TPCC Benchmark with 1 Phase...
[INFO ] 2026-02-03 18:43:18,589 [main]  com.oltpbenchmark.ThreadBench runRateLimitedMultiPhase - [0;1mPHASE START[0;0m :: [Workload=TPCC] [Serial=false] [Time=120] [WarmupTime=0] [Rate=unlimited] [Arrival=REGULAR] [Ratios=[45.0, 43.0, 4.0, 4.0, 4.0]] [ActiveWorkers=8]
[INFO ] 2026-02-03 18:43:19,589 [main]  com.oltpbenchmark.ThreadBench runRateLimitedMultiPhase - [0;1mMEASURE[0;0m :: Warmup complete, starting measurements.
[INFO ] 2026-02-03 18:45:20,588 [main]  com.oltpbenchmark.ThreadBench runRateLimitedMultiPhase - [0;1mTERMINATE[0;0m :: Waiting for all terminals to finish ..
[INFO ] 2026-02-03 18:45:20,612 [Thread-8]  com.oltpbenchmark.ThreadBench run - Starting WatchDogThread
[INFO ] 2026-02-03 18:45:20,735 [main]  com.oltpbenchmark.DBWorkload runWorkload - ======================================================================
[INFO ] 2026-02-03 18:45:20,736 [main]  com.oltpbenchmark.DBWorkload runWorkload - Rate limited reqs/s: Results(nanoSeconds=120998889489, measuredRequests=236013) = 1950.5385627647095 requests/sec (throughput), 1489.8235906238467 requests/sec (goodput)
[INFO ] 2026-02-03 18:45:20,778 [main]  com.oltpbenchmark.DBWorkload writeOutputs - Output Raw data into file: tpcc_2026-02-03_18-45-20.raw.csv
[INFO ] 2026-02-03 18:45:21,793 [main]  com.oltpbenchmark.DBWorkload writeOutputs - Output samples into file: tpcc_2026-02-03_18-45-20.samples.csv
[INFO ] 2026-02-03 18:45:21,842 [main]  com.oltpbenchmark.DBWorkload writeOutputs - Output summary data into file: tpcc_2026-02-03_18-45-20.summary.json
[INFO ] 2026-02-03 18:45:21,852 [main]  com.oltpbenchmark.DBWorkload writeOutputs - Output DBMS parameters into file: tpcc_2026-02-03_18-45-20.params.json
[INFO ] 2026-02-03 18:45:21,862 [main]  com.oltpbenchmark.DBWorkload writeOutputs - Output DBMS metrics into file: tpcc_2026-02-03_18-45-20.metrics.json
[INFO ] 2026-02-03 18:45:21,872 [main]  com.oltpbenchmark.DBWorkload writeOutputs - Output benchmark config into file: tpcc_2026-02-03_18-45-20.config.xml
[INFO ] 2026-02-03 18:45:21,915 [main]  com.oltpbenchmark.DBWorkload writeOutputs - Output results into file: tpcc_2026-02-03_18-45-20.results.csv with window size 5
[INFO ] 2026-02-03 18:45:22,018 [main]  com.oltpbenchmark.DBWorkload writeHistograms - ======================================================================
[INFO ] 2026-02-03 18:45:22,018 [main]  com.oltpbenchmark.DBWorkload writeHistograms - Workload Histograms:

[0;1mCompleted Transactions:[0;0m
com.oltpbenchmark.benchmarks.tpcc.procedures.NewOrder/01                         [69446] *******************************************************************
com.oltpbenchmark.benchmarks.tpcc.procedures.Payment/02                          [82132] ********************************************************************************
com.oltpbenchmark.benchmarks.tpcc.procedures.OrderStatus/03                      [ 9580] *********
com.oltpbenchmark.benchmarks.tpcc.procedures.Delivery/04                         [ 9485] *********
com.oltpbenchmark.benchmarks.tpcc.procedures.StockLevel/05                       [ 9624] *********

[0;1mAborted Transactions:[0;0m
com.oltpbenchmark.benchmarks.tpcc.procedures.NewOrder/01                         [ 742] ********************************************************************************

[0;1mRejected Transactions (Server Retry):[0;0m
com.oltpbenchmark.benchmarks.tpcc.procedures.NewOrder/01                         [110793] ********************************************************************************
com.oltpbenchmark.benchmarks.tpcc.procedures.Payment/02                          [ 71035] ***************************************************
com.oltpbenchmark.benchmarks.tpcc.procedures.Delivery/04                         [     4] 

[0;1mRejected Transactions (Retry Different):[0;0m
<EMPTY>

[0;1mUnexpected SQL Errors:[0;0m
<EMPTY>

[0;1mUnknown Status Transactions:[0;0m
<EMPTY>


[INFO ] 2026-02-03 18:45:22,018 [main]  com.oltpbenchmark.DBWorkload writeHistograms - ======================================================================
