[INFO ] 2026-02-03 19:34:20,179 [main]  com.oltpbenchmark.DBWorkload main - ======================================================================

Benchmark:              TPCC {com.oltpbenchmark.benchmarks.tpcc.TPCCBenchmark}
Configuration:          config/postgres/sample_tpcc_config.xml
Type:                   POSTGRES
Driver:                 org.postgresql.Driver
URL:                    jdbc:postgresql://localhost:5432/tpcc_10?sslmode=disable&ApplicationName=tpcc&reWriteBatchedInserts=true
Isolation:              TRANSACTION_SERIALIZABLE
Batch Size:             128
Scale Factor:           10.0
Terminals:              8
New Connection Per Txn: false

[INFO ] 2026-02-03 19:34:20,180 [main]  com.oltpbenchmark.DBWorkload main - ======================================================================
[INFO ] 2026-02-03 19:34:20,541 [main]  com.oltpbenchmark.DBWorkload runWorkload - Creating 8 virtual terminals...
[INFO ] 2026-02-03 19:34:20,636 [main]  com.oltpbenchmark.DBWorkload runWorkload - Launching the TPCC Benchmark with 1 Phase...
[INFO ] 2026-02-03 19:34:20,642 [main]  com.oltpbenchmark.ThreadBench runRateLimitedMultiPhase - [0;1mPHASE START[0;0m :: [Workload=TPCC] [Serial=false] [Time=120] [WarmupTime=0] [Rate=unlimited] [Arrival=REGULAR] [Ratios=[45.0, 43.0, 4.0, 4.0, 4.0]] [ActiveWorkers=8]
[INFO ] 2026-02-03 19:34:21,641 [main]  com.oltpbenchmark.ThreadBench runRateLimitedMultiPhase - [0;1mMEASURE[0;0m :: Warmup complete, starting measurements.
[INFO ] 2026-02-03 19:36:22,641 [main]  com.oltpbenchmark.ThreadBench runRateLimitedMultiPhase - [0;1mTERMINATE[0;0m :: Waiting for all terminals to finish ..
[INFO ] 2026-02-03 19:36:22,654 [Thread-8]  com.oltpbenchmark.ThreadBench run - Starting WatchDogThread
[INFO ] 2026-02-03 19:36:22,769 [main]  com.oltpbenchmark.DBWorkload runWorkload - ======================================================================
[INFO ] 2026-02-03 19:36:22,769 [main]  com.oltpbenchmark.DBWorkload runWorkload - Rate limited reqs/s: Results(nanoSeconds=120999885594, measuredRequests=194706) = 1609.1420173181953 requests/sec (throughput), 1237.670591710262 requests/sec (goodput)
[INFO ] 2026-02-03 19:36:22,809 [main]  com.oltpbenchmark.DBWorkload writeOutputs - Output Raw data into file: tpcc_2026-02-03_19-36-22.raw.csv
[INFO ] 2026-02-03 19:36:23,637 [main]  com.oltpbenchmark.DBWorkload writeOutputs - Output samples into file: tpcc_2026-02-03_19-36-22.samples.csv
[INFO ] 2026-02-03 19:36:23,683 [main]  com.oltpbenchmark.DBWorkload writeOutputs - Output summary data into file: tpcc_2026-02-03_19-36-22.summary.json
[INFO ] 2026-02-03 19:36:23,691 [main]  com.oltpbenchmark.DBWorkload writeOutputs - Output DBMS parameters into file: tpcc_2026-02-03_19-36-22.params.json
[INFO ] 2026-02-03 19:36:23,700 [main]  com.oltpbenchmark.DBWorkload writeOutputs - Output DBMS metrics into file: tpcc_2026-02-03_19-36-22.metrics.json
[INFO ] 2026-02-03 19:36:23,710 [main]  com.oltpbenchmark.DBWorkload writeOutputs - Output benchmark config into file: tpcc_2026-02-03_19-36-22.config.xml
[INFO ] 2026-02-03 19:36:23,744 [main]  com.oltpbenchmark.DBWorkload writeOutputs - Output results into file: tpcc_2026-02-03_19-36-22.results.csv with window size 5
[INFO ] 2026-02-03 19:36:23,836 [main]  com.oltpbenchmark.DBWorkload writeHistograms - ======================================================================
[INFO ] 2026-02-03 19:36:23,836 [main]  com.oltpbenchmark.DBWorkload writeHistograms - Workload Histograms:

[0;1mCompleted Transactions:[0;0m
com.oltpbenchmark.benchmarks.tpcc.procedures.NewOrder/01                         [82417] ********************************************************************************
com.oltpbenchmark.benchmarks.tpcc.procedures.Payment/02                          [43990] ******************************************
com.oltpbenchmark.benchmarks.tpcc.procedures.OrderStatus/03                      [ 7773] *******
com.oltpbenchmark.benchmarks.tpcc.procedures.Delivery/04                         [ 7818] *******
com.oltpbenchmark.benchmarks.tpcc.procedures.StockLevel/05                       [ 7760] *******

[0;1mAborted Transactions:[0;0m
com.oltpbenchmark.benchmarks.tpcc.procedures.NewOrder/01                         [ 988] ********************************************************************************

[0;1mRejected Transactions (Server Retry):[0;0m
com.oltpbenchmark.benchmarks.tpcc.procedures.NewOrder/01                         [ 35155] *******************
com.oltpbenchmark.benchmarks.tpcc.procedures.Payment/02                          [147196] ********************************************************************************
com.oltpbenchmark.benchmarks.tpcc.procedures.Delivery/04                         [     9] 
com.oltpbenchmark.benchmarks.tpcc.procedures.StockLevel/05                       [     3] 

[0;1mRejected Transactions (Retry Different):[0;0m
<EMPTY>

[0;1mUnexpected SQL Errors:[0;0m
<EMPTY>

[0;1mUnknown Status Transactions:[0;0m
<EMPTY>


[INFO ] 2026-02-03 19:36:23,836 [main]  com.oltpbenchmark.DBWorkload writeHistograms - ======================================================================
