[INFO ] 2026-02-03 19:06:12,507 [main]  com.oltpbenchmark.DBWorkload main - ======================================================================

Benchmark:              TPCC {com.oltpbenchmark.benchmarks.tpcc.TPCCBenchmark}
Configuration:          config/postgres/sample_tpcc_config.xml
Type:                   POSTGRES
Driver:                 org.postgresql.Driver
URL:                    jdbc:postgresql://localhost:5432/tpcc_10?sslmode=disable&ApplicationName=tpcc&reWriteBatchedInserts=true
Isolation:              TRANSACTION_SERIALIZABLE
Batch Size:             128
Scale Factor:           10.0
Terminals:              8
New Connection Per Txn: false

[INFO ] 2026-02-03 19:06:12,508 [main]  com.oltpbenchmark.DBWorkload main - ======================================================================
[INFO ] 2026-02-03 19:06:12,869 [main]  com.oltpbenchmark.DBWorkload runWorkload - Creating 8 virtual terminals...
[INFO ] 2026-02-03 19:06:12,970 [main]  com.oltpbenchmark.DBWorkload runWorkload - Launching the TPCC Benchmark with 1 Phase...
[INFO ] 2026-02-03 19:06:12,975 [main]  com.oltpbenchmark.ThreadBench runRateLimitedMultiPhase - [0;1mPHASE START[0;0m :: [Workload=TPCC] [Serial=false] [Time=120] [WarmupTime=0] [Rate=unlimited] [Arrival=REGULAR] [Ratios=[45.0, 43.0, 4.0, 4.0, 4.0]] [ActiveWorkers=8]
[INFO ] 2026-02-03 19:06:13,975 [main]  com.oltpbenchmark.ThreadBench runRateLimitedMultiPhase - [0;1mMEASURE[0;0m :: Warmup complete, starting measurements.
[INFO ] 2026-02-03 19:08:14,974 [main]  com.oltpbenchmark.ThreadBench runRateLimitedMultiPhase - [0;1mTERMINATE[0;0m :: Waiting for all terminals to finish ..
[INFO ] 2026-02-03 19:08:14,996 [Thread-8]  com.oltpbenchmark.ThreadBench run - Starting WatchDogThread
[INFO ] 2026-02-03 19:08:15,129 [main]  com.oltpbenchmark.DBWorkload runWorkload - ======================================================================
[INFO ] 2026-02-03 19:08:15,129 [main]  com.oltpbenchmark.DBWorkload runWorkload - Rate limited reqs/s: Results(nanoSeconds=120999866663, measuredRequests=200861) = 1660.0100937253376 requests/sec (throughput), 1138.1582789967806 requests/sec (goodput)
[INFO ] 2026-02-03 19:08:15,171 [main]  com.oltpbenchmark.DBWorkload writeOutputs - Output Raw data into file: tpcc_2026-02-03_19-08-15.raw.csv
[INFO ] 2026-02-03 19:08:16,118 [main]  com.oltpbenchmark.DBWorkload writeOutputs - Output samples into file: tpcc_2026-02-03_19-08-15.samples.csv
[INFO ] 2026-02-03 19:08:16,179 [main]  com.oltpbenchmark.DBWorkload writeOutputs - Output summary data into file: tpcc_2026-02-03_19-08-15.summary.json
[INFO ] 2026-02-03 19:08:16,189 [main]  com.oltpbenchmark.DBWorkload writeOutputs - Output DBMS parameters into file: tpcc_2026-02-03_19-08-15.params.json
[INFO ] 2026-02-03 19:08:16,199 [main]  com.oltpbenchmark.DBWorkload writeOutputs - Output DBMS metrics into file: tpcc_2026-02-03_19-08-15.metrics.json
[INFO ] 2026-02-03 19:08:16,210 [main]  com.oltpbenchmark.DBWorkload writeOutputs - Output benchmark config into file: tpcc_2026-02-03_19-08-15.config.xml
[INFO ] 2026-02-03 19:08:16,251 [main]  com.oltpbenchmark.DBWorkload writeOutputs - Output results into file: tpcc_2026-02-03_19-08-15.results.csv with window size 5
[INFO ] 2026-02-03 19:08:16,340 [main]  com.oltpbenchmark.DBWorkload writeHistograms - ======================================================================
[INFO ] 2026-02-03 19:08:16,340 [main]  com.oltpbenchmark.DBWorkload writeHistograms - Workload Histograms:

[0;1mCompleted Transactions:[0;0m
com.oltpbenchmark.benchmarks.tpcc.procedures.NewOrder/01                         [60853] ********************************************************************************
com.oltpbenchmark.benchmarks.tpcc.procedures.Payment/02                          [52622] *********************************************************************
com.oltpbenchmark.benchmarks.tpcc.procedures.OrderStatus/03                      [ 8044] **********
com.oltpbenchmark.benchmarks.tpcc.procedures.Delivery/04                         [ 8179] **********
com.oltpbenchmark.benchmarks.tpcc.procedures.StockLevel/05                       [ 8019] **********

[0;1mAborted Transactions:[0;0m
com.oltpbenchmark.benchmarks.tpcc.procedures.NewOrder/01                         [ 719] ********************************************************************************

[0;1mRejected Transactions (Server Retry):[0;0m
com.oltpbenchmark.benchmarks.tpcc.procedures.NewOrder/01                         [ 99920] ****************************************************************
com.oltpbenchmark.benchmarks.tpcc.procedures.Payment/02                          [123644] ********************************************************************************
com.oltpbenchmark.benchmarks.tpcc.procedures.Delivery/04                         [     6] 
com.oltpbenchmark.benchmarks.tpcc.procedures.StockLevel/05                       [     2] 

[0;1mRejected Transactions (Retry Different):[0;0m
<EMPTY>

[0;1mUnexpected SQL Errors:[0;0m
<EMPTY>

[0;1mUnknown Status Transactions:[0;0m
<EMPTY>


[INFO ] 2026-02-03 19:08:16,340 [main]  com.oltpbenchmark.DBWorkload writeHistograms - ======================================================================
