[INFO ] 2026-02-02 23:25:14,775 [main]  com.oltpbenchmark.DBWorkload main - ======================================================================

Benchmark:              TPCC {com.oltpbenchmark.benchmarks.tpcc.TPCCBenchmark}
Configuration:          config/postgres/sample_tpcc_config.xml
Type:                   POSTGRES
Driver:                 org.postgresql.Driver
URL:                    jdbc:postgresql://localhost:5432/tpcc_10?sslmode=disable&ApplicationName=tpcc&reWriteBatchedInserts=true
Isolation:              TRANSACTION_SERIALIZABLE
Batch Size:             128
Scale Factor:           10.0
Terminals:              8
New Connection Per Txn: false

[INFO ] 2026-02-02 23:25:14,776 [main]  com.oltpbenchmark.DBWorkload main - ======================================================================
[INFO ] 2026-02-02 23:25:15,125 [main]  com.oltpbenchmark.DBWorkload runWorkload - Creating 8 virtual terminals...
[INFO ] 2026-02-02 23:25:15,233 [main]  com.oltpbenchmark.DBWorkload runWorkload - Launching the TPCC Benchmark with 1 Phase...
[INFO ] 2026-02-02 23:25:15,238 [main]  com.oltpbenchmark.ThreadBench runRateLimitedMultiPhase - [0;1mPHASE START[0;0m :: [Workload=TPCC] [Serial=false] [Time=120] [WarmupTime=0] [Rate=unlimited] [Arrival=REGULAR] [Ratios=[45.0, 43.0, 4.0, 4.0, 4.0]] [ActiveWorkers=8]
[INFO ] 2026-02-02 23:25:16,237 [main]  com.oltpbenchmark.ThreadBench runRateLimitedMultiPhase - [0;1mMEASURE[0;0m :: Warmup complete, starting measurements.
[INFO ] 2026-02-02 23:27:17,237 [main]  com.oltpbenchmark.ThreadBench runRateLimitedMultiPhase - [0;1mTERMINATE[0;0m :: Waiting for all terminals to finish ..
[INFO ] 2026-02-02 23:27:17,259 [Thread-8]  com.oltpbenchmark.ThreadBench run - Starting WatchDogThread
[INFO ] 2026-02-02 23:27:17,394 [main]  com.oltpbenchmark.DBWorkload runWorkload - ======================================================================
[INFO ] 2026-02-02 23:27:17,395 [main]  com.oltpbenchmark.DBWorkload runWorkload - Rate limited reqs/s: Results(nanoSeconds=120999702695, measuredRequests=230485) = 1904.8393910601253 requests/sec (throughput), 1362.986820023112 requests/sec (goodput)
[INFO ] 2026-02-02 23:27:17,435 [main]  com.oltpbenchmark.DBWorkload writeOutputs - Output Raw data into file: tpcc_2026-02-02_23-27-17.raw.csv
[INFO ] 2026-02-02 23:27:18,218 [main]  com.oltpbenchmark.DBWorkload writeOutputs - Output samples into file: tpcc_2026-02-02_23-27-17.samples.csv
[INFO ] 2026-02-02 23:27:18,315 [main]  com.oltpbenchmark.DBWorkload writeOutputs - Output summary data into file: tpcc_2026-02-02_23-27-17.summary.json
[INFO ] 2026-02-02 23:27:18,323 [main]  com.oltpbenchmark.DBWorkload writeOutputs - Output DBMS parameters into file: tpcc_2026-02-02_23-27-17.params.json
[INFO ] 2026-02-02 23:27:18,329 [main]  com.oltpbenchmark.DBWorkload writeOutputs - Output DBMS metrics into file: tpcc_2026-02-02_23-27-17.metrics.json
[INFO ] 2026-02-02 23:27:18,335 [main]  com.oltpbenchmark.DBWorkload writeOutputs - Output benchmark config into file: tpcc_2026-02-02_23-27-17.config.xml
[INFO ] 2026-02-02 23:27:18,367 [main]  com.oltpbenchmark.DBWorkload writeOutputs - Output results into file: tpcc_2026-02-02_23-27-17.results.csv with window size 5
[INFO ] 2026-02-02 23:27:18,532 [main]  com.oltpbenchmark.DBWorkload writeHistograms - ======================================================================
[INFO ] 2026-02-02 23:27:18,532 [main]  com.oltpbenchmark.DBWorkload writeHistograms - Workload Histograms:

[0;1mCompleted Transactions:[0;0m
com.oltpbenchmark.benchmarks.tpcc.procedures.NewOrder/01                         [73488] ********************************************************************************
com.oltpbenchmark.benchmarks.tpcc.procedures.Payment/02                          [63791] *********************************************************************
com.oltpbenchmark.benchmarks.tpcc.procedures.OrderStatus/03                      [ 9350] **********
com.oltpbenchmark.benchmarks.tpcc.procedures.Delivery/04                         [ 9064] *********
com.oltpbenchmark.benchmarks.tpcc.procedures.StockLevel/05                       [ 9228] **********

[0;1mAborted Transactions:[0;0m
com.oltpbenchmark.benchmarks.tpcc.procedures.NewOrder/01                         [ 847] ********************************************************************************

[0;1mRejected Transactions (Server Retry):[0;0m
com.oltpbenchmark.benchmarks.tpcc.procedures.NewOrder/01                         [103032] ***************************************************************
com.oltpbenchmark.benchmarks.tpcc.procedures.Payment/02                          [130585] ********************************************************************************
com.oltpbenchmark.benchmarks.tpcc.procedures.Delivery/04                         [     6] 
com.oltpbenchmark.benchmarks.tpcc.procedures.StockLevel/05                       [     1] 

[0;1mRejected Transactions (Retry Different):[0;0m
<EMPTY>

[0;1mUnexpected SQL Errors:[0;0m
<EMPTY>

[0;1mUnknown Status Transactions:[0;0m
<EMPTY>


[INFO ] 2026-02-02 23:27:18,532 [main]  com.oltpbenchmark.DBWorkload writeHistograms - ======================================================================
