[INFO ] 2026-02-02 22:52:14,351 [main]  com.oltpbenchmark.DBWorkload main - ======================================================================

Benchmark:              TPCC {com.oltpbenchmark.benchmarks.tpcc.TPCCBenchmark}
Configuration:          config/postgres/sample_tpcc_config.xml
Type:                   POSTGRES
Driver:                 org.postgresql.Driver
URL:                    jdbc:postgresql://localhost:5432/tpcc_10?sslmode=disable&ApplicationName=tpcc&reWriteBatchedInserts=true
Isolation:              TRANSACTION_SERIALIZABLE
Batch Size:             128
Scale Factor:           10.0
Terminals:              8
New Connection Per Txn: false

[INFO ] 2026-02-02 22:52:14,352 [main]  com.oltpbenchmark.DBWorkload main - ======================================================================
[INFO ] 2026-02-02 22:52:14,718 [main]  com.oltpbenchmark.DBWorkload runWorkload - Creating 8 virtual terminals...
[INFO ] 2026-02-02 22:52:14,813 [main]  com.oltpbenchmark.DBWorkload runWorkload - Launching the TPCC Benchmark with 1 Phase...
[INFO ] 2026-02-02 22:52:14,819 [main]  com.oltpbenchmark.ThreadBench runRateLimitedMultiPhase - [0;1mPHASE START[0;0m :: [Workload=TPCC] [Serial=false] [Time=120] [WarmupTime=0] [Rate=unlimited] [Arrival=REGULAR] [Ratios=[45.0, 43.0, 4.0, 4.0, 4.0]] [ActiveWorkers=8]
[INFO ] 2026-02-02 22:52:15,819 [main]  com.oltpbenchmark.ThreadBench runRateLimitedMultiPhase - [0;1mMEASURE[0;0m :: Warmup complete, starting measurements.
[INFO ] 2026-02-02 22:54:16,818 [main]  com.oltpbenchmark.ThreadBench runRateLimitedMultiPhase - [0;1mTERMINATE[0;0m :: Waiting for all terminals to finish ..
[INFO ] 2026-02-02 22:54:16,826 [Thread-8]  com.oltpbenchmark.ThreadBench run - Starting WatchDogThread
[INFO ] 2026-02-02 22:54:16,965 [main]  com.oltpbenchmark.DBWorkload runWorkload - ======================================================================
[INFO ] 2026-02-02 22:54:16,966 [main]  com.oltpbenchmark.DBWorkload runWorkload - Rate limited reqs/s: Results(nanoSeconds=120998722524, measuredRequests=226439) = 1871.4164519801936 requests/sec (throughput), 1368.485522375299 requests/sec (goodput)
[INFO ] 2026-02-02 22:54:17,006 [main]  com.oltpbenchmark.DBWorkload writeOutputs - Output Raw data into file: tpcc_2026-02-02_22-54-17.raw.csv
[INFO ] 2026-02-02 22:54:17,838 [main]  com.oltpbenchmark.DBWorkload writeOutputs - Output samples into file: tpcc_2026-02-02_22-54-17.samples.csv
[INFO ] 2026-02-02 22:54:17,939 [main]  com.oltpbenchmark.DBWorkload writeOutputs - Output summary data into file: tpcc_2026-02-02_22-54-17.summary.json
[INFO ] 2026-02-02 22:54:17,948 [main]  com.oltpbenchmark.DBWorkload writeOutputs - Output DBMS parameters into file: tpcc_2026-02-02_22-54-17.params.json
[INFO ] 2026-02-02 22:54:17,956 [main]  com.oltpbenchmark.DBWorkload writeOutputs - Output DBMS metrics into file: tpcc_2026-02-02_22-54-17.metrics.json
[INFO ] 2026-02-02 22:54:17,966 [main]  com.oltpbenchmark.DBWorkload writeOutputs - Output benchmark config into file: tpcc_2026-02-02_22-54-17.config.xml
[INFO ] 2026-02-02 22:54:18,003 [main]  com.oltpbenchmark.DBWorkload writeOutputs - Output results into file: tpcc_2026-02-02_22-54-17.results.csv with window size 5
[INFO ] 2026-02-02 22:54:18,113 [main]  com.oltpbenchmark.DBWorkload writeHistograms - ======================================================================
[INFO ] 2026-02-02 22:54:18,113 [main]  com.oltpbenchmark.DBWorkload writeHistograms - Workload Histograms:

[0;1mCompleted Transactions:[0;0m
com.oltpbenchmark.benchmarks.tpcc.procedures.NewOrder/01                         [73697] ********************************************************************************
com.oltpbenchmark.benchmarks.tpcc.procedures.Payment/02                          [64240] *********************************************************************
com.oltpbenchmark.benchmarks.tpcc.procedures.OrderStatus/03                      [ 9273] **********
com.oltpbenchmark.benchmarks.tpcc.procedures.Delivery/04                         [ 9205] *********
com.oltpbenchmark.benchmarks.tpcc.procedures.StockLevel/05                       [ 9170] *********

[0;1mAborted Transactions:[0;0m
com.oltpbenchmark.benchmarks.tpcc.procedures.NewOrder/01                         [ 819] ********************************************************************************

[0;1mRejected Transactions (Server Retry):[0;0m
com.oltpbenchmark.benchmarks.tpcc.procedures.NewOrder/01                         [ 96443] ****************************************************************
com.oltpbenchmark.benchmarks.tpcc.procedures.Payment/02                          [119036] ********************************************************************************
com.oltpbenchmark.benchmarks.tpcc.procedures.Delivery/04                         [    13] 
com.oltpbenchmark.benchmarks.tpcc.procedures.StockLevel/05                       [     1] 

[0;1mRejected Transactions (Retry Different):[0;0m
<EMPTY>

[0;1mUnexpected SQL Errors:[0;0m
<EMPTY>

[0;1mUnknown Status Transactions:[0;0m
<EMPTY>


[INFO ] 2026-02-02 22:54:18,114 [main]  com.oltpbenchmark.DBWorkload writeHistograms - ======================================================================
