[INFO ] 2026-02-02 22:19:16,214 [main]  com.oltpbenchmark.DBWorkload main - ======================================================================

Benchmark:              TPCC {com.oltpbenchmark.benchmarks.tpcc.TPCCBenchmark}
Configuration:          config/postgres/sample_tpcc_config.xml
Type:                   POSTGRES
Driver:                 org.postgresql.Driver
URL:                    jdbc:postgresql://localhost:5432/tpcc_10?sslmode=disable&ApplicationName=tpcc&reWriteBatchedInserts=true
Isolation:              TRANSACTION_SERIALIZABLE
Batch Size:             128
Scale Factor:           10.0
Terminals:              8
New Connection Per Txn: false

[INFO ] 2026-02-02 22:19:16,216 [main]  com.oltpbenchmark.DBWorkload main - ======================================================================
[INFO ] 2026-02-02 22:19:16,563 [main]  com.oltpbenchmark.DBWorkload runWorkload - Creating 8 virtual terminals...
[INFO ] 2026-02-02 22:19:16,655 [main]  com.oltpbenchmark.DBWorkload runWorkload - Launching the TPCC Benchmark with 1 Phase...
[INFO ] 2026-02-02 22:19:16,661 [main]  com.oltpbenchmark.ThreadBench runRateLimitedMultiPhase - [0;1mPHASE START[0;0m :: [Workload=TPCC] [Serial=false] [Time=120] [WarmupTime=0] [Rate=unlimited] [Arrival=REGULAR] [Ratios=[45.0, 43.0, 4.0, 4.0, 4.0]] [ActiveWorkers=8]
[INFO ] 2026-02-02 22:19:17,659 [main]  com.oltpbenchmark.ThreadBench runRateLimitedMultiPhase - [0;1mMEASURE[0;0m :: Warmup complete, starting measurements.
[INFO ] 2026-02-02 22:21:18,659 [main]  com.oltpbenchmark.ThreadBench runRateLimitedMultiPhase - [0;1mTERMINATE[0;0m :: Waiting for all terminals to finish ..
[INFO ] 2026-02-02 22:21:18,682 [Thread-8]  com.oltpbenchmark.ThreadBench run - Starting WatchDogThread
[INFO ] 2026-02-02 22:21:18,826 [main]  com.oltpbenchmark.DBWorkload runWorkload - ======================================================================
[INFO ] 2026-02-02 22:21:18,827 [main]  com.oltpbenchmark.DBWorkload runWorkload - Rate limited reqs/s: Results(nanoSeconds=120999879361, measuredRequests=206997) = 1710.7207138812907 requests/sec (throughput), 1179.819358117583 requests/sec (goodput)
[INFO ] 2026-02-02 22:21:18,866 [main]  com.oltpbenchmark.DBWorkload writeOutputs - Output Raw data into file: tpcc_2026-02-02_22-21-18.raw.csv
[INFO ] 2026-02-02 22:21:19,606 [main]  com.oltpbenchmark.DBWorkload writeOutputs - Output samples into file: tpcc_2026-02-02_22-21-18.samples.csv
[INFO ] 2026-02-02 22:21:19,655 [main]  com.oltpbenchmark.DBWorkload writeOutputs - Output summary data into file: tpcc_2026-02-02_22-21-18.summary.json
[INFO ] 2026-02-02 22:21:19,662 [main]  com.oltpbenchmark.DBWorkload writeOutputs - Output DBMS parameters into file: tpcc_2026-02-02_22-21-18.params.json
[INFO ] 2026-02-02 22:21:19,668 [main]  com.oltpbenchmark.DBWorkload writeOutputs - Output DBMS metrics into file: tpcc_2026-02-02_22-21-18.metrics.json
[INFO ] 2026-02-02 22:21:19,674 [main]  com.oltpbenchmark.DBWorkload writeOutputs - Output benchmark config into file: tpcc_2026-02-02_22-21-18.config.xml
[INFO ] 2026-02-02 22:21:19,707 [main]  com.oltpbenchmark.DBWorkload writeOutputs - Output results into file: tpcc_2026-02-02_22-21-18.results.csv with window size 5
[INFO ] 2026-02-02 22:21:19,785 [main]  com.oltpbenchmark.DBWorkload writeHistograms - ======================================================================
[INFO ] 2026-02-02 22:21:19,785 [main]  com.oltpbenchmark.DBWorkload writeHistograms - Workload Histograms:

[0;1mCompleted Transactions:[0;0m
com.oltpbenchmark.benchmarks.tpcc.procedures.NewOrder/01                         [73916] ********************************************************************************
com.oltpbenchmark.benchmarks.tpcc.procedures.Payment/02                          [44010] ***********************************************
com.oltpbenchmark.benchmarks.tpcc.procedures.OrderStatus/03                      [ 8253] ********
com.oltpbenchmark.benchmarks.tpcc.procedures.Delivery/04                         [ 8317] *********
com.oltpbenchmark.benchmarks.tpcc.procedures.StockLevel/05                       [ 8262] ********

[0;1mAborted Transactions:[0;0m
com.oltpbenchmark.benchmarks.tpcc.procedures.NewOrder/01                         [ 924] ********************************************************************************

[0;1mRejected Transactions (Server Retry):[0;0m
com.oltpbenchmark.benchmarks.tpcc.procedures.NewOrder/01                         [ 75897] ************************************
com.oltpbenchmark.benchmarks.tpcc.procedures.Payment/02                          [164614] ********************************************************************************
com.oltpbenchmark.benchmarks.tpcc.procedures.Delivery/04                         [    13] 
com.oltpbenchmark.benchmarks.tpcc.procedures.StockLevel/05                       [     2] 

[0;1mRejected Transactions (Retry Different):[0;0m
<EMPTY>

[0;1mUnexpected SQL Errors:[0;0m
<EMPTY>

[0;1mUnknown Status Transactions:[0;0m
<EMPTY>


[INFO ] 2026-02-02 22:21:19,785 [main]  com.oltpbenchmark.DBWorkload writeHistograms - ======================================================================
