[INFO ] 2026-02-02 20:45:12,245 [main]  com.oltpbenchmark.DBWorkload main - ======================================================================

Benchmark:              TPCC {com.oltpbenchmark.benchmarks.tpcc.TPCCBenchmark}
Configuration:          config/postgres/sample_tpcc_config.xml
Type:                   POSTGRES
Driver:                 org.postgresql.Driver
URL:                    jdbc:postgresql://localhost:5432/tpcc_10?sslmode=disable&ApplicationName=tpcc&reWriteBatchedInserts=true
Isolation:              TRANSACTION_SERIALIZABLE
Batch Size:             128
Scale Factor:           10.0
Terminals:              8
New Connection Per Txn: false

[INFO ] 2026-02-02 20:45:12,246 [main]  com.oltpbenchmark.DBWorkload main - ======================================================================
[INFO ] 2026-02-02 20:45:12,602 [main]  com.oltpbenchmark.DBWorkload runWorkload - Creating 8 virtual terminals...
[INFO ] 2026-02-02 20:45:12,699 [main]  com.oltpbenchmark.DBWorkload runWorkload - Launching the TPCC Benchmark with 1 Phase...
[INFO ] 2026-02-02 20:45:12,704 [main]  com.oltpbenchmark.ThreadBench runRateLimitedMultiPhase - [0;1mPHASE START[0;0m :: [Workload=TPCC] [Serial=false] [Time=120] [WarmupTime=0] [Rate=unlimited] [Arrival=REGULAR] [Ratios=[45.0, 43.0, 4.0, 4.0, 4.0]] [ActiveWorkers=8]
[INFO ] 2026-02-02 20:45:13,703 [main]  com.oltpbenchmark.ThreadBench runRateLimitedMultiPhase - [0;1mMEASURE[0;0m :: Warmup complete, starting measurements.
[INFO ] 2026-02-02 20:47:14,703 [main]  com.oltpbenchmark.ThreadBench runRateLimitedMultiPhase - [0;1mTERMINATE[0;0m :: Waiting for all terminals to finish ..
[INFO ] 2026-02-02 20:47:14,720 [Thread-8]  com.oltpbenchmark.ThreadBench run - Starting WatchDogThread
[INFO ] 2026-02-02 20:47:14,838 [main]  com.oltpbenchmark.DBWorkload runWorkload - ======================================================================
[INFO ] 2026-02-02 20:47:14,838 [main]  com.oltpbenchmark.DBWorkload runWorkload - Rate limited reqs/s: Results(nanoSeconds=120999885569, measuredRequests=248055) = 2050.043261061987 requests/sec (throughput), 1600.2990340811468 requests/sec (goodput)
[INFO ] 2026-02-02 20:47:14,880 [main]  com.oltpbenchmark.DBWorkload writeOutputs - Output Raw data into file: tpcc_2026-02-02_20-47-14.raw.csv
[INFO ] 2026-02-02 20:47:15,706 [main]  com.oltpbenchmark.DBWorkload writeOutputs - Output samples into file: tpcc_2026-02-02_20-47-14.samples.csv
[INFO ] 2026-02-02 20:47:15,756 [main]  com.oltpbenchmark.DBWorkload writeOutputs - Output summary data into file: tpcc_2026-02-02_20-47-14.summary.json
[INFO ] 2026-02-02 20:47:15,764 [main]  com.oltpbenchmark.DBWorkload writeOutputs - Output DBMS parameters into file: tpcc_2026-02-02_20-47-14.params.json
[INFO ] 2026-02-02 20:47:15,771 [main]  com.oltpbenchmark.DBWorkload writeOutputs - Output DBMS metrics into file: tpcc_2026-02-02_20-47-14.metrics.json
[INFO ] 2026-02-02 20:47:15,780 [main]  com.oltpbenchmark.DBWorkload writeOutputs - Output benchmark config into file: tpcc_2026-02-02_20-47-14.config.xml
[INFO ] 2026-02-02 20:47:15,821 [main]  com.oltpbenchmark.DBWorkload writeOutputs - Output results into file: tpcc_2026-02-02_20-47-14.results.csv with window size 5
[INFO ] 2026-02-02 20:47:15,919 [main]  com.oltpbenchmark.DBWorkload writeHistograms - ======================================================================
[INFO ] 2026-02-02 20:47:15,919 [main]  com.oltpbenchmark.DBWorkload writeHistograms - Workload Histograms:

[0;1mCompleted Transactions:[0;0m
com.oltpbenchmark.benchmarks.tpcc.procedures.NewOrder/01                         [76029] *********************************************************************
com.oltpbenchmark.benchmarks.tpcc.procedures.Payment/02                          [87735] ********************************************************************************
com.oltpbenchmark.benchmarks.tpcc.procedures.OrderStatus/03                      [ 9953] *********
com.oltpbenchmark.benchmarks.tpcc.procedures.Delivery/04                         [ 9973] *********
com.oltpbenchmark.benchmarks.tpcc.procedures.StockLevel/05                       [ 9946] *********

[0;1mAborted Transactions:[0;0m
com.oltpbenchmark.benchmarks.tpcc.procedures.NewOrder/01                         [ 776] ********************************************************************************

[0;1mRejected Transactions (Server Retry):[0;0m
com.oltpbenchmark.benchmarks.tpcc.procedures.NewOrder/01                         [107706] ********************************************************************************
com.oltpbenchmark.benchmarks.tpcc.procedures.Payment/02                          [ 69448] ***************************************************

[0;1mRejected Transactions (Retry Different):[0;0m
<EMPTY>

[0;1mUnexpected SQL Errors:[0;0m
<EMPTY>

[0;1mUnknown Status Transactions:[0;0m
<EMPTY>


[INFO ] 2026-02-02 20:47:15,920 [main]  com.oltpbenchmark.DBWorkload writeHistograms - ======================================================================
