[INFO ] 2026-02-02 21:30:35,908 [main]  com.oltpbenchmark.DBWorkload main - ======================================================================

Benchmark:              TPCC {com.oltpbenchmark.benchmarks.tpcc.TPCCBenchmark}
Configuration:          config/postgres/sample_tpcc_config.xml
Type:                   POSTGRES
Driver:                 org.postgresql.Driver
URL:                    jdbc:postgresql://localhost:5432/tpcc_10?sslmode=disable&ApplicationName=tpcc&reWriteBatchedInserts=true
Isolation:              TRANSACTION_SERIALIZABLE
Batch Size:             128
Scale Factor:           10.0
Terminals:              8
New Connection Per Txn: false

[INFO ] 2026-02-02 21:30:35,909 [main]  com.oltpbenchmark.DBWorkload main - ======================================================================
[INFO ] 2026-02-02 21:30:36,271 [main]  com.oltpbenchmark.DBWorkload runWorkload - Creating 8 virtual terminals...
[INFO ] 2026-02-02 21:30:36,385 [main]  com.oltpbenchmark.DBWorkload runWorkload - Launching the TPCC Benchmark with 1 Phase...
[INFO ] 2026-02-02 21:30:36,390 [main]  com.oltpbenchmark.ThreadBench runRateLimitedMultiPhase - [0;1mPHASE START[0;0m :: [Workload=TPCC] [Serial=false] [Time=120] [WarmupTime=0] [Rate=unlimited] [Arrival=REGULAR] [Ratios=[45.0, 43.0, 4.0, 4.0, 4.0]] [ActiveWorkers=8]
[INFO ] 2026-02-02 21:30:37,390 [main]  com.oltpbenchmark.ThreadBench runRateLimitedMultiPhase - [0;1mMEASURE[0;0m :: Warmup complete, starting measurements.
[INFO ] 2026-02-02 21:32:38,389 [main]  com.oltpbenchmark.ThreadBench runRateLimitedMultiPhase - [0;1mTERMINATE[0;0m :: Waiting for all terminals to finish ..
[INFO ] 2026-02-02 21:32:38,403 [Thread-8]  com.oltpbenchmark.ThreadBench run - Starting WatchDogThread
[INFO ] 2026-02-02 21:32:38,535 [main]  com.oltpbenchmark.DBWorkload runWorkload - ======================================================================
[INFO ] 2026-02-02 21:32:38,535 [main]  com.oltpbenchmark.DBWorkload runWorkload - Rate limited reqs/s: Results(nanoSeconds=120999436796, measuredRequests=249011) = 2057.9517276582214 requests/sec (throughput), 1663.784603720198 requests/sec (goodput)
[INFO ] 2026-02-02 21:32:38,572 [main]  com.oltpbenchmark.DBWorkload writeOutputs - Output Raw data into file: tpcc_2026-02-02_21-32-38.raw.csv
[INFO ] 2026-02-02 21:32:39,415 [main]  com.oltpbenchmark.DBWorkload writeOutputs - Output samples into file: tpcc_2026-02-02_21-32-38.samples.csv
[INFO ] 2026-02-02 21:32:39,513 [main]  com.oltpbenchmark.DBWorkload writeOutputs - Output summary data into file: tpcc_2026-02-02_21-32-38.summary.json
[INFO ] 2026-02-02 21:32:39,520 [main]  com.oltpbenchmark.DBWorkload writeOutputs - Output DBMS parameters into file: tpcc_2026-02-02_21-32-38.params.json
[INFO ] 2026-02-02 21:32:39,526 [main]  com.oltpbenchmark.DBWorkload writeOutputs - Output DBMS metrics into file: tpcc_2026-02-02_21-32-38.metrics.json
[INFO ] 2026-02-02 21:32:39,532 [main]  com.oltpbenchmark.DBWorkload writeOutputs - Output benchmark config into file: tpcc_2026-02-02_21-32-38.config.xml
[INFO ] 2026-02-02 21:32:39,563 [main]  com.oltpbenchmark.DBWorkload writeOutputs - Output results into file: tpcc_2026-02-02_21-32-38.results.csv with window size 5
[INFO ] 2026-02-02 21:32:39,742 [main]  com.oltpbenchmark.DBWorkload writeHistograms - ======================================================================
[INFO ] 2026-02-02 21:32:39,742 [main]  com.oltpbenchmark.DBWorkload writeHistograms - Workload Histograms:

[0;1mCompleted Transactions:[0;0m
com.oltpbenchmark.benchmarks.tpcc.procedures.NewOrder/01                         [80159] **********************************************************************
com.oltpbenchmark.benchmarks.tpcc.procedures.Payment/02                          [91023] ********************************************************************************
com.oltpbenchmark.benchmarks.tpcc.procedures.OrderStatus/03                      [ 9893] ********
com.oltpbenchmark.benchmarks.tpcc.procedures.Delivery/04                         [ 9961] ********
com.oltpbenchmark.benchmarks.tpcc.procedures.StockLevel/05                       [10281] *********

[0;1mAborted Transactions:[0;0m
com.oltpbenchmark.benchmarks.tpcc.procedures.NewOrder/01                         [ 816] ********************************************************************************

[0;1mRejected Transactions (Server Retry):[0;0m
com.oltpbenchmark.benchmarks.tpcc.procedures.NewOrder/01                         [95020] ********************************************************************************
com.oltpbenchmark.benchmarks.tpcc.procedures.Payment/02                          [60430] **************************************************
com.oltpbenchmark.benchmarks.tpcc.procedures.Delivery/04                         [    5] 

[0;1mRejected Transactions (Retry Different):[0;0m
<EMPTY>

[0;1mUnexpected SQL Errors:[0;0m
<EMPTY>

[0;1mUnknown Status Transactions:[0;0m
<EMPTY>


[INFO ] 2026-02-02 21:32:39,742 [main]  com.oltpbenchmark.DBWorkload writeHistograms - ======================================================================
