[INFO ] 2026-02-03 03:15:29,910 [main]  com.oltpbenchmark.DBWorkload main - ======================================================================

Benchmark:              TPCC {com.oltpbenchmark.benchmarks.tpcc.TPCCBenchmark}
Configuration:          config/postgres/sample_tpcc_config.xml
Type:                   POSTGRES
Driver:                 org.postgresql.Driver
URL:                    jdbc:postgresql://localhost:5432/tpcc_10?sslmode=disable&ApplicationName=tpcc&reWriteBatchedInserts=true
Isolation:              TRANSACTION_SERIALIZABLE
Batch Size:             128
Scale Factor:           10.0
Terminals:              8
New Connection Per Txn: false

[INFO ] 2026-02-03 03:15:29,911 [main]  com.oltpbenchmark.DBWorkload main - ======================================================================
[INFO ] 2026-02-03 03:15:30,270 [main]  com.oltpbenchmark.DBWorkload runWorkload - Creating 8 virtual terminals...
[INFO ] 2026-02-03 03:15:30,385 [main]  com.oltpbenchmark.DBWorkload runWorkload - Launching the TPCC Benchmark with 1 Phase...
[INFO ] 2026-02-03 03:15:30,391 [main]  com.oltpbenchmark.ThreadBench runRateLimitedMultiPhase - [0;1mPHASE START[0;0m :: [Workload=TPCC] [Serial=false] [Time=120] [WarmupTime=0] [Rate=unlimited] [Arrival=REGULAR] [Ratios=[45.0, 43.0, 4.0, 4.0, 4.0]] [ActiveWorkers=8]
[INFO ] 2026-02-03 03:15:31,390 [main]  com.oltpbenchmark.ThreadBench runRateLimitedMultiPhase - [0;1mMEASURE[0;0m :: Warmup complete, starting measurements.
[INFO ] 2026-02-03 03:17:32,389 [main]  com.oltpbenchmark.ThreadBench runRateLimitedMultiPhase - [0;1mTERMINATE[0;0m :: Waiting for all terminals to finish ..
[INFO ] 2026-02-03 03:17:32,411 [Thread-8]  com.oltpbenchmark.ThreadBench run - Starting WatchDogThread
[INFO ] 2026-02-03 03:17:32,541 [main]  com.oltpbenchmark.DBWorkload runWorkload - ======================================================================
[INFO ] 2026-02-03 03:17:32,541 [main]  com.oltpbenchmark.DBWorkload runWorkload - Rate limited reqs/s: Results(nanoSeconds=120999889364, measuredRequests=199300) = 1647.1089440458277 requests/sec (throughput), 1275.2325709638903 requests/sec (goodput)
[INFO ] 2026-02-03 03:17:32,582 [main]  com.oltpbenchmark.DBWorkload writeOutputs - Output Raw data into file: tpcc_2026-02-03_03-17-32.raw.csv
[INFO ] 2026-02-03 03:17:33,561 [main]  com.oltpbenchmark.DBWorkload writeOutputs - Output samples into file: tpcc_2026-02-03_03-17-32.samples.csv
[INFO ] 2026-02-03 03:17:33,654 [main]  com.oltpbenchmark.DBWorkload writeOutputs - Output summary data into file: tpcc_2026-02-03_03-17-32.summary.json
[INFO ] 2026-02-03 03:17:33,662 [main]  com.oltpbenchmark.DBWorkload writeOutputs - Output DBMS parameters into file: tpcc_2026-02-03_03-17-32.params.json
[INFO ] 2026-02-03 03:17:33,668 [main]  com.oltpbenchmark.DBWorkload writeOutputs - Output DBMS metrics into file: tpcc_2026-02-03_03-17-32.metrics.json
[INFO ] 2026-02-03 03:17:33,674 [main]  com.oltpbenchmark.DBWorkload writeOutputs - Output benchmark config into file: tpcc_2026-02-03_03-17-32.config.xml
[INFO ] 2026-02-03 03:17:33,708 [main]  com.oltpbenchmark.DBWorkload writeOutputs - Output results into file: tpcc_2026-02-03_03-17-32.results.csv with window size 5
[INFO ] 2026-02-03 03:17:33,880 [main]  com.oltpbenchmark.DBWorkload writeHistograms - ======================================================================
[INFO ] 2026-02-03 03:17:33,881 [main]  com.oltpbenchmark.DBWorkload writeHistograms - Workload Histograms:

[0;1mCompleted Transactions:[0;0m
com.oltpbenchmark.benchmarks.tpcc.procedures.NewOrder/01                         [84853] ********************************************************************************
com.oltpbenchmark.benchmarks.tpcc.procedures.Payment/02                          [45475] ******************************************
com.oltpbenchmark.benchmarks.tpcc.procedures.OrderStatus/03                      [ 7873] *******
com.oltpbenchmark.benchmarks.tpcc.procedures.Delivery/04                         [ 7925] *******
com.oltpbenchmark.benchmarks.tpcc.procedures.StockLevel/05                       [ 8177] *******

[0;1mAborted Transactions:[0;0m
com.oltpbenchmark.benchmarks.tpcc.procedures.NewOrder/01                         [1028] ********************************************************************************

[0;1mRejected Transactions (Server Retry):[0;0m
com.oltpbenchmark.benchmarks.tpcc.procedures.NewOrder/01                         [ 35133] ******************
com.oltpbenchmark.benchmarks.tpcc.procedures.Payment/02                          [149438] ********************************************************************************
com.oltpbenchmark.benchmarks.tpcc.procedures.Delivery/04                         [    10] 
com.oltpbenchmark.benchmarks.tpcc.procedures.StockLevel/05                       [     4] 

[0;1mRejected Transactions (Retry Different):[0;0m
<EMPTY>

[0;1mUnexpected SQL Errors:[0;0m
<EMPTY>

[0;1mUnknown Status Transactions:[0;0m
<EMPTY>


[INFO ] 2026-02-03 03:17:33,881 [main]  com.oltpbenchmark.DBWorkload writeHistograms - ======================================================================
