[INFO ] 2026-02-03 03:33:14,987 [main]  com.oltpbenchmark.DBWorkload main - ======================================================================

Benchmark:              TPCC {com.oltpbenchmark.benchmarks.tpcc.TPCCBenchmark}
Configuration:          config/postgres/sample_tpcc_config.xml
Type:                   POSTGRES
Driver:                 org.postgresql.Driver
URL:                    jdbc:postgresql://localhost:5432/tpcc_10?sslmode=disable&ApplicationName=tpcc&reWriteBatchedInserts=true
Isolation:              TRANSACTION_SERIALIZABLE
Batch Size:             128
Scale Factor:           10.0
Terminals:              8
New Connection Per Txn: false

[INFO ] 2026-02-03 03:33:14,988 [main]  com.oltpbenchmark.DBWorkload main - ======================================================================
[INFO ] 2026-02-03 03:33:15,334 [main]  com.oltpbenchmark.DBWorkload runWorkload - Creating 8 virtual terminals...
[INFO ] 2026-02-03 03:33:15,434 [main]  com.oltpbenchmark.DBWorkload runWorkload - Launching the TPCC Benchmark with 1 Phase...
[INFO ] 2026-02-03 03:33:15,439 [main]  com.oltpbenchmark.ThreadBench runRateLimitedMultiPhase - [0;1mPHASE START[0;0m :: [Workload=TPCC] [Serial=false] [Time=120] [WarmupTime=0] [Rate=unlimited] [Arrival=REGULAR] [Ratios=[45.0, 43.0, 4.0, 4.0, 4.0]] [ActiveWorkers=8]
[INFO ] 2026-02-03 03:33:16,438 [main]  com.oltpbenchmark.ThreadBench runRateLimitedMultiPhase - [0;1mMEASURE[0;0m :: Warmup complete, starting measurements.
[INFO ] 2026-02-03 03:35:17,438 [main]  com.oltpbenchmark.ThreadBench runRateLimitedMultiPhase - [0;1mTERMINATE[0;0m :: Waiting for all terminals to finish ..
[INFO ] 2026-02-03 03:35:17,453 [Thread-8]  com.oltpbenchmark.ThreadBench run - Starting WatchDogThread
[INFO ] 2026-02-03 03:35:17,555 [main]  com.oltpbenchmark.DBWorkload runWorkload - ======================================================================
[INFO ] 2026-02-03 03:35:17,555 [main]  com.oltpbenchmark.DBWorkload runWorkload - Rate limited reqs/s: Results(nanoSeconds=120999682117, measuredRequests=254241) = 2101.170809309755 requests/sec (throughput), 1661.5332906874962 requests/sec (goodput)
[INFO ] 2026-02-03 03:35:17,596 [main]  com.oltpbenchmark.DBWorkload writeOutputs - Output Raw data into file: tpcc_2026-02-03_03-35-17.raw.csv
[INFO ] 2026-02-03 03:35:18,731 [main]  com.oltpbenchmark.DBWorkload writeOutputs - Output samples into file: tpcc_2026-02-03_03-35-17.samples.csv
[INFO ] 2026-02-03 03:35:18,783 [main]  com.oltpbenchmark.DBWorkload writeOutputs - Output summary data into file: tpcc_2026-02-03_03-35-17.summary.json
[INFO ] 2026-02-03 03:35:18,791 [main]  com.oltpbenchmark.DBWorkload writeOutputs - Output DBMS parameters into file: tpcc_2026-02-03_03-35-17.params.json
[INFO ] 2026-02-03 03:35:18,796 [main]  com.oltpbenchmark.DBWorkload writeOutputs - Output DBMS metrics into file: tpcc_2026-02-03_03-35-17.metrics.json
[INFO ] 2026-02-03 03:35:18,802 [main]  com.oltpbenchmark.DBWorkload writeOutputs - Output benchmark config into file: tpcc_2026-02-03_03-35-17.config.xml
[INFO ] 2026-02-03 03:35:18,837 [main]  com.oltpbenchmark.DBWorkload writeOutputs - Output results into file: tpcc_2026-02-03_03-35-17.results.csv with window size 5
[INFO ] 2026-02-03 03:35:18,939 [main]  com.oltpbenchmark.DBWorkload writeHistograms - ======================================================================
[INFO ] 2026-02-03 03:35:18,939 [main]  com.oltpbenchmark.DBWorkload writeHistograms - Workload Histograms:

[0;1mCompleted Transactions:[0;0m
com.oltpbenchmark.benchmarks.tpcc.procedures.NewOrder/01                         [79052] *********************************************************************
com.oltpbenchmark.benchmarks.tpcc.procedures.Payment/02                          [91249] ********************************************************************************
com.oltpbenchmark.benchmarks.tpcc.procedures.OrderStatus/03                      [10296] *********
com.oltpbenchmark.benchmarks.tpcc.procedures.Delivery/04                         [10343] *********
com.oltpbenchmark.benchmarks.tpcc.procedures.StockLevel/05                       [10105] ********

[0;1mAborted Transactions:[0;0m
com.oltpbenchmark.benchmarks.tpcc.procedures.NewOrder/01                         [ 828] ********************************************************************************

[0;1mRejected Transactions (Server Retry):[0;0m
com.oltpbenchmark.benchmarks.tpcc.procedures.NewOrder/01                         [106090] ********************************************************************************
com.oltpbenchmark.benchmarks.tpcc.procedures.Payment/02                          [ 67424] **************************************************
com.oltpbenchmark.benchmarks.tpcc.procedures.Delivery/04                         [     2] 

[0;1mRejected Transactions (Retry Different):[0;0m
<EMPTY>

[0;1mUnexpected SQL Errors:[0;0m
<EMPTY>

[0;1mUnknown Status Transactions:[0;0m
<EMPTY>


[INFO ] 2026-02-03 03:35:18,939 [main]  com.oltpbenchmark.DBWorkload writeHistograms - ======================================================================
