[INFO ] 2026-02-03 02:17:18,480 [main]  com.oltpbenchmark.DBWorkload main - ======================================================================

Benchmark:              TPCC {com.oltpbenchmark.benchmarks.tpcc.TPCCBenchmark}
Configuration:          config/postgres/sample_tpcc_config.xml
Type:                   POSTGRES
Driver:                 org.postgresql.Driver
URL:                    jdbc:postgresql://localhost:5432/tpcc_10?sslmode=disable&ApplicationName=tpcc&reWriteBatchedInserts=true
Isolation:              TRANSACTION_SERIALIZABLE
Batch Size:             128
Scale Factor:           10.0
Terminals:              8
New Connection Per Txn: false

[INFO ] 2026-02-03 02:17:18,481 [main]  com.oltpbenchmark.DBWorkload main - ======================================================================
[INFO ] 2026-02-03 02:17:18,851 [main]  com.oltpbenchmark.DBWorkload runWorkload - Creating 8 virtual terminals...
[INFO ] 2026-02-03 02:17:18,954 [main]  com.oltpbenchmark.DBWorkload runWorkload - Launching the TPCC Benchmark with 1 Phase...
[INFO ] 2026-02-03 02:17:18,959 [main]  com.oltpbenchmark.ThreadBench runRateLimitedMultiPhase - [0;1mPHASE START[0;0m :: [Workload=TPCC] [Serial=false] [Time=120] [WarmupTime=0] [Rate=unlimited] [Arrival=REGULAR] [Ratios=[45.0, 43.0, 4.0, 4.0, 4.0]] [ActiveWorkers=8]
[INFO ] 2026-02-03 02:17:19,958 [main]  com.oltpbenchmark.ThreadBench runRateLimitedMultiPhase - [0;1mMEASURE[0;0m :: Warmup complete, starting measurements.
[INFO ] 2026-02-03 02:19:20,958 [main]  com.oltpbenchmark.ThreadBench runRateLimitedMultiPhase - [0;1mTERMINATE[0;0m :: Waiting for all terminals to finish ..
[INFO ] 2026-02-03 02:19:20,961 [Thread-8]  com.oltpbenchmark.ThreadBench run - Starting WatchDogThread
[INFO ] 2026-02-03 02:19:21,109 [main]  com.oltpbenchmark.DBWorkload runWorkload - ======================================================================
[INFO ] 2026-02-03 02:19:21,110 [main]  com.oltpbenchmark.DBWorkload runWorkload - Rate limited reqs/s: Results(nanoSeconds=120999834285, measuredRequests=250113) = 2067.0524176991025 requests/sec (throughput), 1656.9444180210266 requests/sec (goodput)
[INFO ] 2026-02-03 02:19:21,149 [main]  com.oltpbenchmark.DBWorkload writeOutputs - Output Raw data into file: tpcc_2026-02-03_02-19-21.raw.csv
[INFO ] 2026-02-03 02:19:21,953 [main]  com.oltpbenchmark.DBWorkload writeOutputs - Output samples into file: tpcc_2026-02-03_02-19-21.samples.csv
[INFO ] 2026-02-03 02:19:22,008 [main]  com.oltpbenchmark.DBWorkload writeOutputs - Output summary data into file: tpcc_2026-02-03_02-19-21.summary.json
[INFO ] 2026-02-03 02:19:22,015 [main]  com.oltpbenchmark.DBWorkload writeOutputs - Output DBMS parameters into file: tpcc_2026-02-03_02-19-21.params.json
[INFO ] 2026-02-03 02:19:22,021 [main]  com.oltpbenchmark.DBWorkload writeOutputs - Output DBMS metrics into file: tpcc_2026-02-03_02-19-21.metrics.json
[INFO ] 2026-02-03 02:19:22,027 [main]  com.oltpbenchmark.DBWorkload writeOutputs - Output benchmark config into file: tpcc_2026-02-03_02-19-21.config.xml
[INFO ] 2026-02-03 02:19:22,060 [main]  com.oltpbenchmark.DBWorkload writeOutputs - Output results into file: tpcc_2026-02-03_02-19-21.results.csv with window size 5
[INFO ] 2026-02-03 02:19:22,133 [main]  com.oltpbenchmark.DBWorkload writeHistograms - ======================================================================
[INFO ] 2026-02-03 02:19:22,133 [main]  com.oltpbenchmark.DBWorkload writeHistograms - Workload Histograms:

[0;1mCompleted Transactions:[0;0m
com.oltpbenchmark.benchmarks.tpcc.procedures.NewOrder/01                         [79917] **********************************************************************
com.oltpbenchmark.benchmarks.tpcc.procedures.Payment/02                          [90552] ********************************************************************************
com.oltpbenchmark.benchmarks.tpcc.procedures.OrderStatus/03                      [10080] ********
com.oltpbenchmark.benchmarks.tpcc.procedures.Delivery/04                         [10028] ********
com.oltpbenchmark.benchmarks.tpcc.procedures.StockLevel/05                       [ 9913] ********

[0;1mAborted Transactions:[0;0m
com.oltpbenchmark.benchmarks.tpcc.procedures.NewOrder/01                         [ 798] ********************************************************************************

[0;1mRejected Transactions (Server Retry):[0;0m
com.oltpbenchmark.benchmarks.tpcc.procedures.NewOrder/01                         [98072] ********************************************************************************
com.oltpbenchmark.benchmarks.tpcc.procedures.Payment/02                          [63755] ****************************************************
com.oltpbenchmark.benchmarks.tpcc.procedures.Delivery/04                         [    1] 

[0;1mRejected Transactions (Retry Different):[0;0m
<EMPTY>

[0;1mUnexpected SQL Errors:[0;0m
<EMPTY>

[0;1mUnknown Status Transactions:[0;0m
<EMPTY>


[INFO ] 2026-02-03 02:19:22,133 [main]  com.oltpbenchmark.DBWorkload writeHistograms - ======================================================================
